<html>
<body>
<pre>
<h1>µVision Build Log</h1>
<h2>Tool Versions:</h2>
IDE-Version: µVision V5.40.0.0
Copyright (C) 2024 ARM Ltd and ARM Germany GmbH. All rights reserved.
License Information: Kos tas
-
User-based license: Keil MDK Community (non-commercial free of charge)
Valid until: Jun 1 2033. Cached until: May 15 2025
 
Tool Versions:
Toolchain:       Keil MDK Community (non-commercial free of charge  Version: 5.40.0.3
Toolchain Path:  C:\Keil_v5\ARM\ARMCLANG\Bin
C Compiler:      ArmClang.exe V6.22
Assembler:       Armasm.exe V6.22
Linker/Locator:  ArmLink.exe V6.22
Library Manager: ArmAr.exe V6.22
Hex Converter:   FromElf.exe V6.22
CPU DLL:         SARMCM3.DLL V5.40.0.3
Dialog DLL:      DARMCM1.DLL V1.19.6.0
Target DLL:      STLink\ST-LINKIII-KEIL_SWO.dll V3.3.0.0
Dialog DLL:      TARMCM1.DLL V1.14.6.0
 
<h2>Project:</h2>
C:\Users\Kostas\OneDrive - Kaunas University of Technology\Darbalaukis\ITERPTINIU semestrinis\MDK-ARM\STM32L073_KAMAMI_BOARD.uvprojx
Project File Date:  05/05/2025

<h2>Output:</h2>
*** Using Compiler 'V6.22', folder: 'C:\Keil_v5\ARM\ARMCLANG\Bin'
Rebuild target 'STM32L073_KAMAMI_BOARD'
compiling funkcijos.c...
assembling startup_stm32l073xx.s...
compiling stm32l0xx_hal_gpio.c...
compiling stm32l0xx_it.c...
compiling stm32l0xx_hal_msp.c...
compiling stm32l0xx_hal_pwr.c...
compiling stm32l0xx_hal_flash_ramfunc.c...
compiling stm32l0xx_hal_i2c_ex.c...
compiling stm32l0xx_hal_dma.c...
compiling stm32l0xx_hal_flash.c...
compiling stm32l0xx_hal_rcc_ex.c...
compiling stm32l0xx_hal.c...
compiling stm32l0xx_hal_flash_ex.c...
compiling stm32l0xx_hal_pwr_ex.c...
compiling stm32l0xx_hal_rcc.c...
compiling main.c...
compiling stm32l0xx_hal_cortex.c...
compiling stm32l0xx_hal_tim_ex.c...
compiling stm32l0xx_hal_exti.c...
compiling u8g2_buffer.c...
compiling u8g2_bitmap.c...
compiling u8g2_box.c...
compiling system_stm32l0xx.c...
compiling stm32l0xx_hal_i2c.c...
compiling u8g2_cleardisplay.c...
compiling u8g2_circle.c...
compiling stm32l0xx_hal_uart_ex.c...
compiling u8g2_d_memory.c...
compiling stm32l0xx_hal_uart.c...
compiling u8g2_hvline.c...
compiling u8g2_input_value.c...
compiling u8g2_font.c...
compiling stm32l0xx_hal_tim.c...
compiling u8g2_intersection.c...
compiling u8g2_kerning.c...
compiling u8g2_ll_hvline.c...
compiling u8g2_line.c...
compiling u8g2_message.c...
compiling u8g2_setup.c...
compiling u8g2_polygon.c...
compiling u8g2_selection_list.c...
compiling u8log_u8x8.c...
compiling u8log.c...
compiling u8log_u8g2.c...
compiling u8x8_d_a2printer.c...
compiling u8x8_byte.c...
compiling u8x8_cad.c...
compiling u8x8_d_ist3020.c...
compiling u8x8_8x8.c...
compiling u8x8_d_il3820_296x128.c...
compiling u8x8_d_ks0108.c...
compiling u8x8_d_lc7981.c...
compiling u8g2_d_setup.c...
compiling u8x8_d_ld7032_60x32.c...
compiling u8x8_d_ls013b7dh03.c...
compiling u8x8_d_max7219.c...
compiling u8x8_d_pcf8812.c...
compiling u8x8_d_pcd8544_84x48.c...
compiling u8x8_d_sbn1661.c...
compiling u8x8_d_pcf8814_hx1230.c...
compiling u8x8_d_sh1106_64x32.c...
compiling u8x8_d_sh1107.c...
compiling u8g2_fonts.c...
compiling u8x8_d_sed1330.c...
compiling u8x8_d_sh1122.c...
compiling u8x8_d_sh1108.c...
compiling u8x8_d_ssd1306_48x64.c...
compiling u8x8_d_ssd1305.c...
compiling u8x8_d_sh1106_72x40.c...
compiling u8x8_d_ssd1306_64x32.c...
compiling u8x8_d_ssd1306_64x48.c...
compiling u8x8_d_ssd1306_128x32.c...
compiling u8x8_d_ssd1306_96x16.c...
compiling u8x8_d_ssd1306_128x64_noname.c...
compiling u8x8_d_ssd1309.c...
compiling u8x8_d_ssd1318.c...
compiling u8x8_d_ssd1325.c...
compiling u8x8_d_ssd1326.c...
compiling u8x8_d_ssd1606_172x72.c...
compiling u8x8_d_ssd1322.c...
compiling u8x8_d_ssd1327.c...
compiling u8x8_d_ssd1317.c...
compiling u8x8_d_ssd1607_200x200.c...
compiling u8x8_d_ssd1329.c...
compiling u8x8_d_st7565.c...
compiling u8x8_d_st7920.c...
compiling u8x8_d_st7588.c...
compiling u8x8_d_st7586s_s028hn118a.c...
compiling u8x8_d_st7586s_erc240160.c...
compiling u8x8_d_st7567.c...
compiling u8x8_d_stdio.c...
compiling u8x8_d_t6963.c...
compiling u8x8_d_st75256.c...
compiling u8x8_d_uc1610.c...
compiling u8x8_d_uc1604.c...
compiling u8x8_d_uc1601.c...
compiling u8x8_d_uc1617.c...
compiling u8x8_d_uc1608.c...
compiling u8x8_d_uc1611.c...
compiling u8x8_d_uc1701_mini12864.c...
compiling u8x8_debounce.c...
compiling u8x8_gpio.c...
compiling u8x8_fonts.c...
compiling u8x8_display.c...
compiling u8x8_d_uc1638.c...
compiling u8x8_input_value.c...
compiling u8x8_d_uc1701_dogs102.c...
compiling u8x8_selection_list.c...
compiling u8x8_message.c...
compiling u8x8_setup.c...
compiling u8x8_string.c...
compiling u8x8_u16toa.c...
compiling u8x8_u8toa.c...
linking...
Program Size: Code=44468 RO-data=2444 RW-data=16 ZI-data=4016  
FromELF: creating hex file...
"STM32L073_KAMAMI_BOARD\STM32L073_KAMAMI_BOARD.axf" - 0 Error(s), 0 Warning(s).

<h2>Software Packages used:</h2>

Package Vendor: ARM
                https://www.keil.com/pack/ARM.CMSIS.6.1.0.pack
                ARM::CMSIS@6.1.0
                CMSIS (Common Microcontroller Software Interface Standard)
   * Component: CORE Version: 6.1.0

Package Vendor: Keil
                https://www.keil.com/pack/Keil.STM32L0xx_DFP.2.3.0.pack
                Keil::STM32L0xx_DFP@2.3.0
                STMicroelectronics STM32L0 Series Device Support, Drivers and Examples

<h2>Collection of Component include folders:</h2>
  ./RTE/_STM32L073_KAMAMI_BOARD
  C:/Users/Kostas/AppData/Local/Arm/Packs/ARM/CMSIS/6.1.0/CMSIS/Core/Include
  C:/Users/Kostas/AppData/Local/Arm/Packs/Keil/STM32L0xx_DFP/2.3.0/Drivers/CMSIS/Device/ST/STM32L0xx/Include

<h2>Collection of Component Files used:</h2>

   * Component: ARM::CMSIS:CORE@6.1.0
      Include file:  CMSIS/Core/Include/tz_context.h
Build Time Elapsed:  00:00:04
</pre>
</body>
</html>
